WARNING: lefdef.pin_layer (2) is a horizontal metal layer.
	[default pin locations are in a line at the top/bottom of the cell]
